[INFO] Scanning for projects...
[INFO] 
[INFO] -----------------------< vn.hblab:ai-native-crm >-----------------------
[INFO] Building AI Native CRM 0.1.0-SNAPSHOT
[INFO]   from pom.xml
[INFO] --------------------------------[ jar ]---------------------------------
[INFO] 
[INFO] >>> spring-boot:3.3.5:run (default-cli) > test-compile @ ai-native-crm >>>
[INFO] 
[INFO] --- resources:3.3.1:resources (default-resources) @ ai-native-crm ---
[INFO] Copying 1 resource from src\main\resources to target\classes
[INFO] Copying 2 resources from src\main\resources to target\classes
[INFO] 
[INFO] --- compiler:3.13.0:compile (default-compile) @ ai-native-crm ---
[INFO] Nothing to compile - all classes are up to date.
[INFO] 
[INFO] --- resources:3.3.1:testResources (default-testResources) @ ai-native-crm ---
[INFO] skip non existing resourceDirectory D:\2.HBLab-Projects\6.CRM\backend\src\test\resources
[INFO] 
[INFO] --- compiler:3.13.0:testCompile (default-testCompile) @ ai-native-crm ---
[INFO] Nothing to compile - all classes are up to date.
[INFO] 
[INFO] <<< spring-boot:3.3.5:run (default-cli) < test-compile @ ai-native-crm <<<
[INFO] 
[INFO] 
[INFO] --- spring-boot:3.3.5:run (default-cli) @ ai-native-crm ---
[INFO] Attaching agents: []

  .   ____          _            __ _ _
 /\\ / ___'_ __ _ _(_)_ __  __ _ \ \ \ \
( ( )\___ | '_ | '_| | '_ \/ _` | \ \ \ \
 \\/  ___)| |_)| | | | | || (_| |  ) ) ) )
  '  |____| .__|_| |_|_| |_\__, | / / / /
 =========|_|==============|___/=/_/_/_/

 :: Spring Boot ::                (v3.3.5)

2026-08-15T08:05:06.199+07:00  INFO 28932 --- [ai-native-crm] [           main] vn.hblab.crm.CrmApplication              : Starting CrmApplication using Java 17.0.0.1 with PID 28932 (D:\2.HBLab-Projects\6.CRM\backend\target\classes started by HuanTV1 in D:\2.HBLab-Projects\6.CRM\backend)
2026-08-15T08:05:06.199+07:00  INFO 28932 --- [ai-native-crm] [           main] vn.hblab.crm.CrmApplication              : No active profile set, falling back to 1 default profile: "default"
2026-08-15T08:05:07.448+07:00  INFO 28932 --- [ai-native-crm] [           main] .s.d.r.c.RepositoryConfigurationDelegate : Bootstrapping Spring Data JPA repositories in DEFAULT mode.
2026-08-15T08:05:07.551+07:00  INFO 28932 --- [ai-native-crm] [           main] .s.d.r.c.RepositoryConfigurationDelegate : Finished Spring Data repository scanning in 98 ms. Found 1 JPA repository interface.
2026-08-15T08:05:08.691+07:00  INFO 28932 --- [ai-native-crm] [           main] o.s.b.w.embedded.tomcat.TomcatWebServer  : Tomcat initialized with port 8080 (http)
2026-08-15T08:05:08.733+07:00  INFO 28932 --- [ai-native-crm] [           main] o.apache.catalina.core.StandardService   : Starting service [Tomcat]
2026-08-15T08:05:08.733+07:00  INFO 28932 --- [ai-native-crm] [           main] o.apache.catalina.core.StandardEngine    : Starting Servlet engine: [Apache Tomcat/10.1.31]
2026-08-15T08:05:08.929+07:00  INFO 28932 --- [ai-native-crm] [           main] o.a.c.c.C.[Tomcat].[localhost].[/]       : Initializing Spring embedded WebApplicationContext
2026-08-15T08:05:08.940+07:00  INFO 28932 --- [ai-native-crm] [           main] w.s.c.ServletWebServerApplicationContext : Root WebApplicationContext: initialization completed in 2665 ms
2026-08-15T08:05:09.492+07:00  INFO 28932 --- [ai-native-crm] [           main] com.zaxxer.hikari.HikariDataSource       : HikariPool-1 - Starting...
2026-08-15T08:05:09.829+07:00  INFO 28932 --- [ai-native-crm] [           main] com.zaxxer.hikari.pool.HikariPool        : HikariPool-1 - Added connection org.postgresql.jdbc.PgConnection@153cb763
2026-08-15T08:05:09.829+07:00  INFO 28932 --- [ai-native-crm] [           main] com.zaxxer.hikari.HikariDataSource       : HikariPool-1 - Start completed.
2026-08-15T08:05:09.895+07:00  INFO 28932 --- [ai-native-crm] [           main] org.flywaydb.core.FlywayExecutor         : Database: jdbc:postgresql://localhost:5432/ai_native_crm (PostgreSQL 16.14)
2026-08-15T08:05:10.022+07:00  INFO 28932 --- [ai-native-crm] [           main] o.f.core.internal.command.DbValidate     : Successfully validated 3 migrations (execution time 00:00.056s)
2026-08-15T08:05:10.062+07:00  INFO 28932 --- [ai-native-crm] [           main] o.f.core.internal.command.DbMigrate      : Current version of schema "public": 3
2026-08-15T08:05:10.062+07:00  WARN 28932 --- [ai-native-crm] [           main] o.f.core.internal.command.DbMigrate      : Schema "public" has a version (3) that is newer than the latest available migration (2) !
2026-08-15T08:05:10.072+07:00  INFO 28932 --- [ai-native-crm] [           main] o.f.core.internal.command.DbMigrate      : Schema "public" is up to date. No migration necessary.
2026-08-15T08:05:10.210+07:00  INFO 28932 --- [ai-native-crm] [           main] o.hibernate.jpa.internal.util.LogHelper  : HHH000204: Processing PersistenceUnitInfo [name: default]
2026-08-15T08:05:10.295+07:00  INFO 28932 --- [ai-native-crm] [           main] org.hibernate.Version                    : HHH000412: Hibernate ORM core version 6.5.3.Final
2026-08-15T08:05:10.345+07:00  INFO 28932 --- [ai-native-crm] [           main] o.h.c.internal.RegionFactoryInitiator    : HHH000026: Second-level cache disabled
2026-08-15T08:05:10.843+07:00  INFO 28932 --- [ai-native-crm] [           main] o.s.o.j.p.SpringPersistenceUnitInfo      : No LoadTimeWeaver setup: ignoring JPA class transformer
2026-08-15T08:05:12.415+07:00  INFO 28932 --- [ai-native-crm] [           main] o.h.e.t.j.p.i.JtaPlatformInitiator       : HHH000489: No JTA platform available (set 'hibernate.transaction.jta.platform' to enable JTA platform integration)
2026-08-15T08:05:12.546+07:00  INFO 28932 --- [ai-native-crm] [           main] j.LocalContainerEntityManagerFactoryBean : Initialized JPA EntityManagerFactory for persistence unit 'default'
2026-08-15T08:05:13.695+07:00  INFO 28932 --- [ai-native-crm] [           main] o.s.b.w.embedded.tomcat.TomcatWebServer  : Tomcat started on port 8080 (http) with context path '/'
2026-08-15T08:05:13.720+07:00  INFO 28932 --- [ai-native-crm] [           main] vn.hblab.crm.CrmApplication              : Started CrmApplication in 8.104 seconds (process running for 8.986)
2026-08-15T08:05:19.090+07:00  INFO 28932 --- [ai-native-crm] [nio-8080-exec-1] o.a.c.c.C.[Tomcat].[localhost].[/]       : Initializing Spring DispatcherServlet 'dispatcherServlet'
2026-08-15T08:05:19.090+07:00  INFO 28932 --- [ai-native-crm] [nio-8080-exec-1] o.s.web.servlet.DispatcherServlet        : Initializing Servlet 'dispatcherServlet'
2026-08-15T08:05:19.093+07:00  INFO 28932 --- [ai-native-crm] [nio-8080-exec-1] o.s.web.servlet.DispatcherServlet        : Completed initialization in 0 ms
2026-08-15T09:19:06.276+07:00  WARN 28932 --- [ai-native-crm] [l-1 housekeeper] com.zaxxer.hikari.pool.HikariPool        : HikariPool-1 - Thread starvation or clock leap detected (housekeeper delta=48m25s847ms365µs800ns).
